mode: set
tests/normalTest/adds.go:3.24,5.2 1 1
tests/normalTest/main.go:3.25,5.2 1 0
